[gladiators.co.in/index.html]
[backblue.gif]
[fade.gif]
[index.html]
[gladiators.co.in/images/logo.svg]
[cdnjs.cloudflare.com/ajax/libs/OwlCarousel2/2.3.4/assets/owl.carousel.min.css]
[gladiators.co.in/css/index.css]
[cdnjs.cloudflare.com/ajax/libs/jquery/3.5.1/jquery.min.js]
[cdnjs.cloudflare.com/ajax/libs/OwlCarousel2/2.3.4/owl.carousel.min.js]
[gladiators.co.in/index-2.html]
[gladiators.co.in/images/Logo.png]
[gladiators.co.in/images/facebook.svg]
[gladiators.co.in/images/insta.svg]
[gladiators.co.in/images/youtube.png]
[gladiators.co.in/images/btn.svg]
[gladiators.co.in/images/destro.png]
[gladiators.co.in/images/justin.png]
[gladiators.co.in/images/Delta.png]
[gladiators.co.in/images/shougan.png]
[gladiators.co.in/images/submit.png]
[gladiators.co.in/images/email.svg]
[gladiators.co.in/index.html]
[gladiators.co.in/images/logo.svg]
[cdnjs.cloudflare.com/ajax/libs/OwlCarousel2/2.3.4/assets/owl.carousel.min.css]
[cdnjs.cloudflare.com/ajax/libs/OwlCarousel2/2.3.4/assets/owl.video.play.png]
[gladiators.co.in/images/slider.png]
[gladiators.co.in/images/Layer_1.png]
[gladiators.co.in/images/peakpx.png]
[gladiators.co.in/css/index.css]
[gladiators.co.in/images/aero.png]
[gladiators.co.in/index-2.html]
[gladiators.co.in/images/facebook.svg]
[gladiators.co.in/images/insta.svg]
[gladiators.co.in/images/btn.svg]
[gladiators.co.in/images/email.svg]
